Microchip MPLAB XC8 Compiler V2.10 ()

Linker command line:

-W-3 --edf=C:\Program Files (x86)\Microchip\xc8\v2.10\pic\dat\en_msgs.txt \
  -cs -h+dist/default/debug\Libreria_8bits_LCD.debug.sym \
  --cmf=dist/default/debug\Libreria_8bits_LCD.debug.cmf -z -Q16F887 \
  -oC:\Users\megaj\AppData\Local\Temp\sc4s.2 --defsym=__MPLAB_BUILD=1 \
  -Mdist/default/debug/Libreria_8bits_LCD.debug.map -E1 -ver=XC8 \
  --acfsm=1493 -ASTACK=0110h-016Fh -pstack=STACK \
  -ACODE=00h-07FFhx3,01800h-01EFFh,01FFFh-01FFFh \
  -ASTRCODE=00h-01EFFh,01FFFh-01FFFh -ASTRING=00h-0FFhx31,01FFFh-01FFFh \
  -ACONST=00h-0FFhx31,01FFFh-01FFFh -AENTRY=00h-0FFhx31,01FFFh-01FFFh \
  -ACOMMON=071h-07Fh -ABANK0=020h-06Fh -ABANK1=0A0h-0EFh \
  -ABANK2=0110h-016Fh -ABANK3=0190h-01E4h \
  -ARAM=020h-06Fh,0A0h-0EFh,0110h-016Fh,0190h-01E4h \
  -AABS1=020h-07Fh,0A0h-0EFh,0110h-016Fh,0190h-01EFh -ASFR0=00h-01Fh \
  -ASFR1=080h-09Fh -ASFR2=0100h-010Fh -ASFR3=0180h-018Fh \
  -preset_vec=00h,intentry=04h,init,end_init -ppowerup=CODE -pcinit=CODE \
  -pfunctab=ENTRY -ACONFIG=02007h-02008h -pconfig=CONFIG -DCONFIG=2 \
  -AIDLOC=02000h-02003h -pidloc=IDLOC -DIDLOC=2 -AEEDATA=00h-0FFh/02100h \
  -peeprom_data=EEDATA -DEEDATA=2 -DCODE=2 -DSTRCODE=2 -DSTRING=2 -DCONST=2 \
  -DENTRY=2 -k C:\Users\megaj\AppData\Local\Temp\sc4s.o \
  dist/default/debug\Libreria_8bits_LCD.debug.o 

Object code version is 3.11

Machine type is 16F887



                Name                               Link     Load   Length Selector   Space Scale
C:\Users\megaj\AppData\Local\Temp\sc4s.o
                end_init                              C        C        3        8       0
                reset_vec                             0        0        4        0       0
                config                             2007     2007        2     400E       0
dist/default/debug\Libreria_8bits_LCD.debug.o
                cinit                               7F3      7F3        D      FE6       0
                intentry                              4        4        8        8       0
                text2_split_1                       25B      25B      598      4B6       0
                text32                             1008     1008       2B     2010       0
                text31                             11B0     11B0       C4     2360       0
                text30                             19D5     19D5       29     33AA       0
                text29                             195F     195F       16     32BE       0
                text28                             1B51     1B51       53     36A2       0
                text27                             198C     198C       24     3318       0
                text26                             1975     1975       17     32EA       0
                text25                             1A27     1A27       44     344E       0
                text24                              802      802       18     1004       0
                text23                             1AB1     1AB1       50     3562       0
                text22                             1DA0     1DA0       A4     3B40       0
                text21                             1942     1942        B     3284       0
                text20                             1274     1274      288     24E8       0
                text19                             1B01     1B01       50     3602       0
                text18                             1D24     1D24       7C     3A48       0
                text17                             1C53     1C53       68     38A6       0
                text16                             1BA4     1BA4       56     3748       0
                text15                             19B0     19B0       25     3360       0
                text14                             1E44     1E44       BC     3C88       0
                text13                             10F0     10F0       C0     21E0       0
                text12                             1033     1033       BD     2066       0
                text11                             19FE     19FE       29     33FC       0
                text10                              93C      93C      361     1278       0
                text9                              1A6B     1A6B       46     34D6       0
                text8                                14       14       3A       28       0
                text7                                4E       4E      20D       9C       0
                text6                              194D     194D       12     329A       0
                text5                              1CBB     1CBB       69     3976       0
                text4                              1BFA     1BFA       59     37F4       0
                text3                               C9D      C9D      363     193A       0
                text2                              14FC     14FC      304     29F8       0
                text1                                10       10        4       20       0
                maintext                            81A      81A      122     1034       0
                cstackBANK0                          20       20       50       20       1
                cstackCOMMON                         71       71        A       71       1
                cstackBANK1                          A0       A0       2D       A0       1
                clrtext                            1000     1000        8     193A       0
                bssBANK1                             CD       CD       15       A0       1
                strings                            1800     1800       B5     3000       0

TOTAL           Name                               Link     Load   Length     Space
        CLASS   STACK          

        CLASS   CODE           
                end_init                              C        C        3         0
                cinit                               7F3      7F3        D         0
                intentry                              4        4        8         0
                reset_vec                             0        0        4         0
                text2_split_1                       25B      25B      598         0
                text32                             1008     1008       2B         0
                text31                             11B0     11B0       C4         0
                text30                             19D5     19D5       29         0
                text29                             195F     195F       16         0
                text28                             1B51     1B51       53         0
                text27                             198C     198C       24         0
                text26                             1975     1975       17         0
                text25                             1A27     1A27       44         0
                text24                              802      802       18         0
                text23                             1AB1     1AB1       50         0
                text22                             1DA0     1DA0       A4         0
                text21                             1942     1942        B         0
                text20                             1274     1274      288         0
                text19                             1B01     1B01       50         0
                text18                             1D24     1D24       7C         0
                text17                             1C53     1C53       68         0
                text16                             1BA4     1BA4       56         0
                text15                             19B0     19B0       25         0
                text14                             1E44     1E44       BC         0
                text13                             10F0     10F0       C0         0
                text12                             1033     1033       BD         0
                text11                             19FE     19FE       29         0
                text10                              93C      93C      361         0
                text9                              1A6B     1A6B       46         0
                text8                                14       14       3A         0
                text7                                4E       4E      20D         0
                text6                              194D     194D       12         0
                text5                              1CBB     1CBB       69         0
                text4                              1BFA     1BFA       59         0
                text3                               C9D      C9D      363         0
                text2                              14FC     14FC      304         0
                text1                                10       10        4         0
                maintext                            81A      81A      122         0
                clrtext                            1000     1000        8         0

        CLASS   STRCODE        

        CLASS   STRING         
                strings                            1800     1800       B5         0

        CLASS   CONST          

        CLASS   ENTRY          

        CLASS   COMMON         
                cstackCOMMON                         71       71        A         1

        CLASS   BANK0          
                cstackBANK0                          20       20       50         1

        CLASS   BANK1          
                cstackBANK1                          A0       A0       2D         1
                bssBANK1                             CD       CD       15         1

        CLASS   BANK2          

        CLASS   BANK3          

        CLASS   RAM            

        CLASS   ABS1           
                abs_s1                               7E       7E        2         1

        CLASS   SFR0           

        CLASS   SFR1           

        CLASS   SFR2           

        CLASS   SFR3           

        CLASS   CONFIG         
                config                             2007     2007        2         0

        CLASS   IDLOC          

        CLASS   EEDATA         



SEGMENTS        Name                           Load    Length   Top    Selector   Space  Class     Delta

                reset_vec                      000000  000004  000004         0       0  CODE        2
                intentry                       000004  00000B  00000F         8       0  CODE        2
                cstackBANK0                    000020  000050  000070        20       1  BANK0       1
                text1                          000010  000004  000014        20       0  CODE        2
                text8                          000014  00003A  00004E        28       0  CODE        2
                cstackCOMMON                   000071  00000A  00007B        71       1  COMMON      1
                text7                          00004E  00020D  00025B        9C       0  CODE        2
                cstackBANK1                    0000A0  000042  0000E2        A0       1  BANK1       1
                text2_split_1                  00025B  000598  0007F3       4B6       0  CODE        2
                cinit                          0007F3  00000D  000800       FE6       0  CODE        2
                text24                         000802  000018  00081A      1004       0  CODE        2
                maintext                       00081A  000122  00093C      1034       0  CODE        2
                text10                         00093C  000361  000C9D      1278       0  CODE        2
                text3                          000C9D  00036B  001008      193A       0  CODE        2
                text32                         001008  00002B  001033      2010       0  CODE        2
                text12                         001033  0000BD  0010F0      2066       0  CODE        2
                text13                         0010F0  0000C0  0011B0      21E0       0  CODE        2
                text31                         0011B0  0000C4  001274      2360       0  CODE        2
                text20                         001274  000288  0014FC      24E8       0  CODE        2
                text2                          0014FC  000304  001800      29F8       0  CODE        2
                strings                        001800  0000B5  0018B5      3000       0  STRING      2
                text21                         001942  00000B  00194D      3284       0  CODE        2
                text6                          00194D  000012  00195F      329A       0  CODE        2
                text29                         00195F  000016  001975      32BE       0  CODE        2
                text26                         001975  000017  00198C      32EA       0  CODE        2
                text27                         00198C  000024  0019B0      3318       0  CODE        2
                text15                         0019B0  000025  0019D5      3360       0  CODE        2
                text30                         0019D5  000029  0019FE      33AA       0  CODE        2
                text11                         0019FE  000029  001A27      33FC       0  CODE        2
                text25                         001A27  000044  001A6B      344E       0  CODE        2
                text9                          001A6B  000046  001AB1      34D6       0  CODE        2
                text23                         001AB1  000050  001B01      3562       0  CODE        2
                text19                         001B01  000050  001B51      3602       0  CODE        2
                text28                         001B51  000053  001BA4      36A2       0  CODE        2
                text16                         001BA4  000056  001BFA      3748       0  CODE        2
                text4                          001BFA  000059  001C53      37F4       0  CODE        2
                text17                         001C53  000068  001CBB      38A6       0  CODE        2
                text5                          001CBB  000069  001D24      3976       0  CODE        2
                text18                         001D24  00007C  001DA0      3A48       0  CODE        2
                text22                         001DA0  0000A4  001E44      3B40       0  CODE        2
                text14                         001E44  0000BC  001F00      3C88       0  CODE        2
                config                         002007  000002  002009      400E       0  CONFIG      2


UNUSED ADDRESS RANGES

        Name                Unused          Largest block    Delta
        BANK1            000E2-000EF               E           1
        BANK2            00110-0016F              60           1
        BANK3            00190-001E4              55           1
        CODE             0000F-0000F               1           2
                         00800-00801               2
                         018B5-01941              8D
                         01FFF-01FFF               1
        COMMON           0007B-0007D               3           1
        CONST            0000F-0000F               1           2
                         00800-00801               2
                         018B5-01941              4B
                         01FFF-01FFF               1
        EEDATA           02100-021FF             100           2
        ENTRY            0000F-0000F               1           2
                         00800-00801               2
                         018B5-01941              4B
                         01FFF-01FFF               1
        IDLOC            02000-02003               4           2
        RAM              000E2-000EF               E           1
                         00110-0016F              60
                         00190-001E4              55
        SFR0             00000-0001F              20           1
        SFR1             00080-0009F              20           1
        SFR2             00100-0010F              10           1
        SFR3             00180-0018F              10           1
        STACK            00110-0016F              60           1
        STRCODE          0000F-0000F               1           2
                         00800-00801               2
                         018B5-01941              8D
                         01FFF-01FFF               1
        STRING           0000F-0000F               1           2
                         00800-00801               2
                         018B5-01941              4B
                         01FFF-01FFF               1

                                  Symbol Table

?__Umul8_16                cstackCOMMON 00074
?___awdiv                  cstackBANK0  00020
?___awmod                  cstackCOMMON 00074
?___fladd                  cstackBANK0  00058
?___flmul                  cstackBANK0  0002A
?___flneg                  cstackCOMMON 00074
?___flsub                  cstackBANK1  000A0
?___fltol                  cstackBANK0  00057
?___lldiv                  cstackBANK0  00020
?___llmod                  cstackBANK0  00020
?___lwdiv                  cstackBANK0  00020
?___lwmod                  cstackCOMMON 00074
?___wmul                   cstackCOMMON 00074
?___xxtofl                 cstackCOMMON 00074
?__div_to_l_               cstackBANK0  00020
?__tdiv_to_l_              cstackBANK0  00020
?_fround                   cstackBANK0  00044
?_scale                    cstackBANK0  00044
?_sprintf                  cstackBANK1  000A8
ADC_init@Fosc              cstackCOMMON 00079
ADC_init@channel           cstackCOMMON 00074
ADC_init@int_on            cstackCOMMON 00075
ADC_init@left_or_right     cstackCOMMON 00076
EUSART_Init@a              cstackCOMMON 00075
EUSART_Init@b              cstackCOMMON 00074
LCD_CMD@a                  cstackCOMMON 00076
LCD_SET_CURSOR@a           cstackCOMMON 00079
LCD_SET_CURSOR@b           cstackCOMMON 00077
LCD_SET_CURSOR@temporal    cstackCOMMON 0007A
LCD_WRITE_CHAR@a           cstackCOMMON 00076
LCD_WRITE_STRING@a         cstackCOMMON 00077
LCD_WRITE_STRING@i         cstackCOMMON 00079
_ADCON0bits                (abs)        0001F
_ADCON1bits                (abs)        0009F
_ADC_init                  text31       011B0
_ADRESH                    (abs)        0001E
_ANSEL                     (abs)        00188
_ANSELH                    (abs)        00189
_BAUDCTLbits               (abs)        00187
_EUSART_Init               text30       019D5
_INTCONbits                (abs)        0000B
_LCD_CMD                   text29       0195F
_LCD_INIT                  text28       01B51
_LCD_SET_CURSOR            text27       0198C
_LCD_WRITE_CHAR            text26       01975
_LCD_WRITE_STRING          text25       01A27
_PIE1bits                  (abs)        0008C
_PIR1bits                  (abs)        0000C
_PORTA                     (abs)        00005
_PORTB                     (abs)        00006
_PORTD                     (abs)        00008
_PORTDbits                 (abs)        00008
_Port_init                 text24       00802
_RCSTAbits                 (abs)        00018
_TRISA                     (abs)        00085
_TRISB                     (abs)        00086
_TRISD                     (abs)        00088
_TXSTAbits                 (abs)        00098
__CFG_BOR4V$BOR40V         (abs)        00000
__CFG_BOREN$OFF            (abs)        00000
__CFG_CP$OFF               (abs)        00000
__CFG_CPD$OFF              (abs)        00000
__CFG_FCMEN$OFF            (abs)        00000
__CFG_FOSC$INTRC_NOCLKOUT  (abs)        00000
__CFG_IESO$OFF             (abs)        00000
__CFG_LVP$OFF              (abs)        00000
__CFG_MCLRE$OFF            (abs)        00000
__CFG_PWRTE$OFF            (abs)        00000
__CFG_WDTE$OFF             (abs)        00000
__CFG_WRT$OFF              (abs)        00000
__Habs1                    abs1         00000
__Hbank0                   bank0        00000
__Hbank1                   bank1        00000
__Hbank2                   bank2        00000
__Hbank3                   bank3        00000
__HbssBANK1                bssBANK1     00000
__Hcinit                   cinit        00800
__Hclrtext                 clrtext      00000
__Hcode                    code         00000
__Hcommon                  common       00000
__Hconfig                  config       02009
__HcstackBANK0             cstackBANK0  00000
__HcstackBANK1             cstackBANK1  00000
__HcstackCOMMON            cstackCOMMON 00000
__Heeprom_data             eeprom_data  00000
__Hend_init                end_init     0000F
__Hfunctab                 functab      00000
__Hidloc                   idloc        00000
__Hinit                    init         0000C
__Hintentry                intentry     0000C
__Hmaintext                maintext     00000
__Hpowerup                 powerup      00000
__Hram                     ram          00000
__Hreset_vec               reset_vec    00004
__Hsfr0                    sfr0         00000
__Hsfr1                    sfr1         00000
__Hsfr2                    sfr2         00000
__Hsfr3                    sfr3         00000
__Hspace_0                 (abs)        02009
__Hspace_1                 (abs)        000E2
__Hspace_2                 (abs)        00000
__Hspace_3                 (abs)        00000
__Hstack                   stack        00000
__Hstrings                 strings      00000
__Htext                    text         00000
__Labs1                    abs1         00000
__Lbank0                   bank0        00000
__Lbank1                   bank1        00000
__Lbank2                   bank2        00000
__Lbank3                   bank3        00000
__LbssBANK1                bssBANK1     00000
__Lcinit                   cinit        007F3
__Lclrtext                 clrtext      00000
__Lcode                    code         00000
__Lcommon                  common       00000
__Lconfig                  config       02007
__LcstackBANK0             cstackBANK0  00000
__LcstackBANK1             cstackBANK1  00000
__LcstackCOMMON            cstackCOMMON 00000
__Leeprom_data             eeprom_data  00000
__Lend_init                end_init     0000C
__Lfunctab                 functab      00000
__Lidloc                   idloc        00000
__Linit                    init         0000C
__Lintentry                intentry     00004
__Lmaintext                maintext     00000
__Lpowerup                 powerup      00000
__Lram                     ram          00000
__Lreset_vec               reset_vec    00000
__Lsfr0                    sfr0         00000
__Lsfr1                    sfr1         00000
__Lsfr2                    sfr2         00000
__Lsfr3                    sfr3         00000
__Lspace_0                 (abs)        00000
__Lspace_1                 (abs)        00000
__Lspace_2                 (abs)        00000
__Lspace_3                 (abs)        00000
__Lstack                   stack        00000
__Lstrings                 strings      00000
__Ltext                    text         00000
__S0                       (abs)        02009
__S1                       (abs)        000E2
__S2                       (abs)        00000
__S3                       (abs)        00000
__Umul8_16                 text11       019FE
__Umul8_16@multiplicand    cstackCOMMON 00074
__Umul8_16@multiplier      cstackBANK0  00024
__Umul8_16@product         cstackBANK0  00020
__Umul8_16@word_mpld       cstackBANK0  00022
___awdiv                   text5        01CBB
___awdiv@counter           cstackBANK0  00025
___awdiv@dividend          cstackBANK0  00022
___awdiv@divisor           cstackBANK0  00020
___awdiv@quotient          cstackBANK0  00027
___awdiv@sign              cstackBANK0  00026
___awmod                   text4        01BFA
___awmod@counter           cstackCOMMON 00079
___awmod@dividend          cstackCOMMON 00076
___awmod@divisor           cstackCOMMON 00074
___awmod@sign              cstackCOMMON 0007A
___fladd                   text20       01274
___fladd@a                 cstackBANK0  0005C
___fladd@aexp              cstackBANK0  00069
___fladd@b                 cstackBANK0  00058
___fladd@bexp              cstackBANK0  0006A
___fladd@grs               cstackBANK0  0006B
___fladd@signs             cstackBANK0  00068
___fleq                    text23       01AB1
___fleq@ff1                cstackBANK0  00020
___fleq@ff2                cstackBANK0  00024
___flge                    text22       01DA0
___flge@ff1                cstackBANK0  00020
___flge@ff2                cstackBANK0  00024
___flmul                   text10       0093C
___flmul@a                 cstackBANK0  0002E
___flmul@aexp              cstackBANK0  0003C
___flmul@b                 cstackBANK0  0002A
___flmul@bexp              cstackBANK0  0003D
___flmul@grs               cstackBANK0  00038
___flmul@prod              cstackBANK0  0003E
___flmul@sign              cstackBANK0  00037
___flmul@temp              cstackBANK0  00042
___flneg                   text21       01942
___flneg@f1                cstackCOMMON 00074
___flsub                   text19       01B01
___flsub@a                 cstackBANK1  000A0
___flsub@b                 cstackBANK1  000A4
___fltol                   text18       01D24
___fltol@exp1              cstackBANK0  00061
___fltol@f1                cstackBANK0  00057
___fltol@sign1             cstackBANK0  00060
___int_sp                  stack        00000
___latbits                 (abs)        00002
___lldiv                   text17       01C53
___lldiv@counter           cstackCOMMON 00079
___lldiv@dividend          cstackBANK0  00024
___lldiv@divisor           cstackBANK0  00020
___lldiv@quotient          cstackCOMMON 00075
___llmod                   text16       01BA4
___llmod@counter           cstackCOMMON 00075
___llmod@dividend          cstackBANK0  00024
___llmod@divisor           cstackBANK0  00020
___lwdiv                   text9        01A6B
___lwdiv@counter           cstackBANK0  00026
___lwdiv@dividend          cstackBANK0  00022
___lwdiv@divisor           cstackBANK0  00020
___lwdiv@quotient          cstackBANK0  00024
___lwmod                   text8        00014
___lwmod@counter           cstackCOMMON 00079
___lwmod@dividend          cstackCOMMON 00076
___lwmod@divisor           cstackCOMMON 00074
___sp                      stack        00000
___stackhi                 (abs)        00000
___stacklo                 (abs)        00000
___wmul                    text15       019B0
___wmul@multiplicand       cstackCOMMON 00076
___wmul@multiplier         cstackCOMMON 00074
___wmul@product            cstackCOMMON 00078
___xxtofl                  text14       01E44
___xxtofl@arg              cstackBANK0  00026
___xxtofl@exp              cstackBANK0  00025
___xxtofl@sign             cstackBANK0  00024
___xxtofl@val              cstackCOMMON 00074
__div_to_l_                text13       010F0
__div_to_l_@cntr           cstackCOMMON 00079
__div_to_l_@exp1           cstackCOMMON 0007A
__div_to_l_@f1             cstackBANK0  00020
__div_to_l_@f2             cstackBANK0  00024
__div_to_l_@quot           cstackCOMMON 00075
__end_of_ADC_init          text31       01274
__end_of_EUSART_Init       text30       019FE
__end_of_LCD_CMD           text29       01975
__end_of_LCD_INIT          text28       01BA4
__end_of_LCD_SET_CURSOR    text27       019B0
__end_of_LCD_WRITE_CHAR    text26       0198C
__end_of_LCD_WRITE_STRING  text25       01A6B
__end_of_Port_init         text24       0081A
__end_of__Umul8_16         text11       01A27
__end_of___awdiv           text5        01D24
__end_of___awmod           text4        01C53
__end_of___fladd           text20       014FC
__end_of___fleq            text23       01B01
__end_of___flge            text22       01E44
__end_of___flmul           text10       00C9D
__end_of___flneg           text21       0194D
__end_of___flsub           text19       01B51
__end_of___fltol           text18       01DA0
__end_of___lldiv           text17       01CBB
__end_of___llmod           text16       01BFA
__end_of___lwdiv           text9        01AB1
__end_of___lwmod           text8        0004E
__end_of___wmul            text15       019D5
__end_of___xxtofl          text14       01F00
__end_of__div_to_l_        text13       011B0
__end_of__initialization   cinit        007FC
__end_of__npowers_         strings      01878
__end_of__powers_          strings      01844
__end_of__stringtab        strings      01810
__end_of__tdiv_to_l_       text12       010F0
__end_of_dpowers           strings      018A0
__end_of_fround            text7        0025B
__end_of_isdigit           text6        0195F
__end_of_isr               text32       01033
__end_of_main              maintext     0093C
__end_of_scale             text3        01000
__end_of_sprintf           text2_split_1 007F3
__end_of_start_conversion  text1        00014
__initialization           cinit        007F3
__npowers_                 strings      01844
__pbssBANK1                bssBANK1     000CD
__pcstackBANK0             cstackBANK0  00020
__pcstackBANK1             cstackBANK1  000A0
__pcstackCOMMON            cstackCOMMON 00071
__pintentry                intentry     00004
__pmaintext                maintext     0081A
__powers_                  strings      01810
__pstrings                 strings      01800
__ptext1                   text1        00010
__ptext10                  text10       0093C
__ptext11                  text11       019FE
__ptext12                  text12       01033
__ptext13                  text13       010F0
__ptext14                  text14       01E44
__ptext15                  text15       019B0
__ptext16                  text16       01BA4
__ptext17                  text17       01C53
__ptext18                  text18       01D24
__ptext19                  text19       01B01
__ptext2                   text2        014FC
__ptext20                  text20       01274
__ptext21                  text21       01942
__ptext22                  text22       01DA0
__ptext23                  text23       01AB1
__ptext24                  text24       00802
__ptext25                  text25       01A27
__ptext26                  text26       01975
__ptext27                  text27       0198C
__ptext28                  text28       01B51
__ptext29                  text29       0195F
__ptext3                   text3        00C9D
__ptext30                  text30       019D5
__ptext31                  text31       011B0
__ptext32                  text32       01008
__ptext4                   text4        01BFA
__ptext5                   text5        01CBB
__ptext6                   text6        0194D
__ptext7                   text7        0004E
__ptext8                   text8        00014
__ptext9                   text9        01A6B
__size_of_ADC_init         (abs)        00000
__size_of_EUSART_Init      (abs)        00000
__size_of_LCD_CMD          (abs)        00000
__size_of_LCD_INIT         (abs)        00000
__size_of_LCD_SET_CURSOR   (abs)        00000
__size_of_LCD_WRITE_CHAR   (abs)        00000
__size_of_LCD_WRITE_STRING (abs)        00000
__size_of_Port_init        (abs)        00000
__size_of__Umul8_16        (abs)        00000
__size_of___awdiv          (abs)        00000
__size_of___awmod          (abs)        00000
__size_of___fladd          (abs)        00000
__size_of___fleq           (abs)        00000
__size_of___flge           (abs)        00000
__size_of___flmul          (abs)        00000
__size_of___flneg          (abs)        00000
__size_of___flsub          (abs)        00000
__size_of___fltol          (abs)        00000
__size_of___lldiv          (abs)        00000
__size_of___llmod          (abs)        00000
__size_of___lwdiv          (abs)        00000
__size_of___lwmod          (abs)        00000
__size_of___wmul           (abs)        00000
__size_of___xxtofl         (abs)        00000
__size_of__div_to_l_       (abs)        00000
__size_of__tdiv_to_l_      (abs)        00000
__size_of_fround           (abs)        00000
__size_of_isdigit          (abs)        00000
__size_of_isr              (abs)        00000
__size_of_main             (abs)        00000
__size_of_scale            (abs)        00000
__size_of_sprintf          (abs)        00000
__size_of_start_conversion (abs)        00000
__stringbase               strings      0180F
__stringtab                strings      01800
__tdiv_to_l_               text12       01033
__tdiv_to_l_@cntr          cstackBANK0  0002C
__tdiv_to_l_@exp1          cstackBANK0  0002D
__tdiv_to_l_@f1            cstackBANK0  00020
__tdiv_to_l_@f2            cstackBANK0  00024
__tdiv_to_l_@quot          cstackBANK0  00028
_dpowers                   strings      01878
_fround                    text7        0004E
_fround$1208               cstackBANK0  00053
_fround$1209               cstackBANK0  0004F
_isdigit                   text6        0194D
_isdigit$1009              cstackCOMMON 00074
_isr                       text32       01008
_main                      maintext     0081A
_pot1                      bssBANK1     000D7
_pot2                      bssBANK1     000D6
_scale                     text3        00C9D
_scale$1210                cstackBANK0  00052
_sprintf                   text2        014FC
_sprintf$1211              cstackBANK1  000B2
_start_another             bssBANK1     000D5
_start_conversion          text1        00010
_string1                   bssBANK1     000DD
_string2                   bssBANK1     000D8
_volt1                     bssBANK1     000D1
_volt2                     bssBANK1     000CD
btemp                      (abs)        0007E
clear_ram0                 clrtext      01000
end_of_initialization      cinit        007FC
fround@prec                cstackBANK0  00057
interrupt_function         intentry     00004
intlevel0                  functab      00000
intlevel1                  functab      00000
intlevel2                  functab      00000
intlevel3                  functab      00000
intlevel4                  functab      00000
intlevel5                  functab      00000
isdigit@c                  cstackCOMMON 00075
pnum$text2                 (abs)        0000B
pnum$text2_split_1         (abs)        0002B
psplit$0                   (abs)        B002B
reset_vec                  reset_vec    00000
saved_w                    (abs)        0007E
scale@scl                  cstackBANK0  00056
sprintf@ap                 cstackBANK1  000B6
sprintf@c                  cstackBANK1  000CC
sprintf@eexp               cstackBANK1  000C3
sprintf@f                  cstackBANK1  000A8
sprintf@flag               cstackBANK1  000BB
sprintf@fval               cstackBANK1  000C5
sprintf@prec               cstackBANK1  000CA
sprintf@sp                 cstackBANK1  000C9
sprintf@tmpval             cstackBANK1  000BF
sprintf@val                cstackBANK1  000B7
sprintf@width              cstackBANK1  000BD
start                      init         0000C
start_initialization       cinit        007F3
wtemp0                     (abs)        0007E


FUNCTION INFORMATION:

 *************** function _main *****************
 Defined at:
		line 52 in file "main_lab3.c"
 Parameters:    Size  Location     Type
		None
 Auto vars:     Size  Location     Type
		None
 Return value:  Size  Location     Type
                  1    wreg      void 
 Registers used:
		wreg, fsr0l, fsr0h, status,2, status,0, btemp+1, pclath, cstack
 Tracked objects:
		On entry : 
		On exit  : 
		Unchanged: 
 Data sizes:     COMMON   BANK0   BANK1   BANK3   BANK2
      Params:         0       0       0       0       0
      Locals:         0       0       0       0       0
      Temps:          0       4       0       0       0
      Totals:         0       4       0       0       0
Total ram usage:        4 bytes
 Hardware stack levels required when called:    5
 This function calls:
		_ADC_init
		_EUSART_Init
		_LCD_INIT
		_LCD_SET_CURSOR
		_LCD_WRITE_STRING
		_Port_init
		___flmul
		___xxtofl
		_sprintf
		_start_conversion
 This function is called by:
		Startup code after reset
 This function uses a non-reentrant model


 *************** function _start_conversion *****************
 Defined at:
		line 24 in file "../../../../../../MPLABXProjects/Laboratorio2_2.X/ADCmain.c"
 Parameters:    Size  Location     Type
		None
 Auto vars:     Size  Location     Type
		None
 Return value:  Size  Location     Type
                  1    wreg      void 
 Registers used:
		None
 Tracked objects:
		On entry : 
		On exit  : 
		Unchanged: 
 Data sizes:     COMMON   BANK0   BANK1   BANK3   BANK2
      Params:         0       0       0       0       0
      Locals:         0       0       0       0       0
      Temps:          0       0       0       0       0
      Totals:         0       0       0       0       0
Total ram usage:        0 bytes
 Hardware stack levels used:    1
 Hardware stack levels required when called:    1
 This function calls:
		Nothing
 This function is called by:
		_main
 This function uses a non-reentrant model


 *************** function _sprintf *****************
 Defined at:
		line 505 in file "C:\Program Files (x86)\Microchip\xc8\v2.10\pic\sources\c90\common\doprnt.c"
 Parameters:    Size  Location     Type
  sp              1    wreg     PTR unsigned char 
		 -> string2(5), string1(5), 
  f               1    8[BANK1 ] PTR const unsigned char 
		 -> STR_2(6), STR_1(6), 
 Auto vars:     Size  Location     Type
  sp              1   41[BANK1 ] PTR unsigned char 
		 -> string2(5), string1(5), 
  fval            4   37[BANK1 ] PTR unsigned char 
  tmpval          4   31[BANK1 ] struct .
  val             4   23[BANK1 ] unsigned long 
  prec            2   42[BANK1 ] int 
  eexp            2   35[BANK1 ] int 
  width           2   29[BANK1 ] int 
  flag            2   27[BANK1 ] unsigned short 
  cp              2    0        PTR const unsigned char 
  len             2    0        unsigned int 
  c               1   44[BANK1 ] unsigned char 
  ap              1   22[BANK1 ] PTR void [1]
		 -> ?_sprintf(2), 
  d               1    0        unsigned char 
 Return value:  Size  Location     Type
                  2    8[BANK1 ] int 
 Registers used:
		wreg, fsr0l, fsr0h, status,2, status,0, btemp+1, pclath, cstack
 Tracked objects:
		On entry : 
		On exit  : 
		Unchanged: 
 Data sizes:     COMMON   BANK0   BANK1   BANK3   BANK2
      Params:         0       0       5       0       0
      Locals:         0       0      27       0       0
      Temps:          0       0       5       0       0
      Totals:         0       0      37       0       0
Total ram usage:       37 bytes
 Hardware stack levels used:    1
 Hardware stack levels required when called:    4
 This function calls:
		___awdiv
		___fladd
		___fleq
		___flge
		___flmul
		___flneg
		___flsub
		___fltol
		___lldiv
		___llmod
		___wmul
		___xxtofl
		__div_to_l_
		__tdiv_to_l_
		_fround
		_isdigit
		_scale
 This function is called by:
		_main
 This function uses a non-reentrant model


 *************** function _scale *****************
 Defined at:
		line 433 in file "C:\Program Files (x86)\Microchip\xc8\v2.10\pic\sources\c90\common\doprnt.c"
 Parameters:    Size  Location     Type
  scl             1    wreg     char 
 Auto vars:     Size  Location     Type
  scl             1   54[BANK0 ] char 
 Return value:  Size  Location     Type
                  4   36[BANK0 ] char 
 Registers used:
		wreg, fsr0l, fsr0h, status,2, status,0, btemp+1, pclath, cstack
 Tracked objects:
		On entry : 
		On exit  : 
		Unchanged: 
 Data sizes:     COMMON   BANK0   BANK1   BANK3   BANK2
      Params:         0       4       0       0       0
      Locals:         0       5       0       0       0
      Temps:          0      10       0       0       0
      Totals:         0      19       0       0       0
Total ram usage:       19 bytes
 Hardware stack levels used:    1
 Hardware stack levels required when called:    3
 This function calls:
		___awdiv
		___awmod
		___flmul
 This function is called by:
		_sprintf
 This function uses a non-reentrant model


 *************** function ___awmod *****************
 Defined at:
		line 5 in file "C:\Program Files (x86)\Microchip\xc8\v2.10\pic\sources\c90\common\awmod.c"
 Parameters:    Size  Location     Type
  divisor         2    3[COMMON] int 
  dividend        2    5[COMMON] int 
 Auto vars:     Size  Location     Type
  sign            1    9[COMMON] unsigned char 
  counter         1    8[COMMON] unsigned char 
 Return value:  Size  Location     Type
                  2    3[COMMON] int 
 Registers used:
		wreg, status,2, status,0
 Tracked objects:
		On entry : 
		On exit  : 
		Unchanged: 
 Data sizes:     COMMON   BANK0   BANK1   BANK3   BANK2
      Params:         4       0       0       0       0
      Locals:         2       0       0       0       0
      Temps:          1       0       0       0       0
      Totals:         7       0       0       0       0
Total ram usage:        7 bytes
 Hardware stack levels used:    1
 Hardware stack levels required when called:    1
 This function calls:
		Nothing
 This function is called by:
		_scale
 This function uses a non-reentrant model


 *************** function ___awdiv *****************
 Defined at:
		line 5 in file "C:\Program Files (x86)\Microchip\xc8\v2.10\pic\sources\c90\common\awdiv.c"
 Parameters:    Size  Location     Type
  divisor         2    0[BANK0 ] int 
  dividend        2    2[BANK0 ] int 
 Auto vars:     Size  Location     Type
  quotient        2    7[BANK0 ] int 
  sign            1    6[BANK0 ] unsigned char 
  counter         1    5[BANK0 ] unsigned char 
 Return value:  Size  Location     Type
                  2    0[BANK0 ] int 
 Registers used:
		wreg, status,2, status,0
 Tracked objects:
		On entry : 
		On exit  : 
		Unchanged: 
 Data sizes:     COMMON   BANK0   BANK1   BANK3   BANK2
      Params:         0       4       0       0       0
      Locals:         0       4       0       0       0
      Temps:          0       1       0       0       0
      Totals:         0       9       0       0       0
Total ram usage:        9 bytes
 Hardware stack levels used:    1
 Hardware stack levels required when called:    1
 This function calls:
		Nothing
 This function is called by:
		_scale
		_sprintf
 This function uses a non-reentrant model


 *************** function _isdigit *****************
 Defined at:
		line 8 in file "C:\Program Files (x86)\Microchip\xc8\v2.10\pic\sources\c90\common\isdigit.c"
 Parameters:    Size  Location     Type
  c               1    wreg     unsigned char 
 Auto vars:     Size  Location     Type
  c               1    4[COMMON] unsigned char 
 Return value:  Size  Location     Type
		None               void
 Registers used:
		wreg, status,2, status,0
 Tracked objects:
		On entry : 
		On exit  : 
		Unchanged: 
 Data sizes:     COMMON   BANK0   BANK1   BANK3   BANK2
      Params:         0       0       0       0       0
      Locals:         2       0       0       0       0
      Temps:          0       0       0       0       0
      Totals:         2       0       0       0       0
Total ram usage:        2 bytes
 Hardware stack levels used:    1
 Hardware stack levels required when called:    1
 This function calls:
		Nothing
 This function is called by:
		_sprintf
 This function uses a non-reentrant model


 *************** function _fround *****************
 Defined at:
		line 417 in file "C:\Program Files (x86)\Microchip\xc8\v2.10\pic\sources\c90\common\doprnt.c"
 Parameters:    Size  Location     Type
  prec            1    wreg     unsigned char 
 Auto vars:     Size  Location     Type
  prec            1   55[BANK0 ] unsigned char 
 Return value:  Size  Location     Type
                  4   36[BANK0 ] unsigned char 
 Registers used:
		wreg, fsr0l, fsr0h, status,2, status,0, btemp+1, pclath, cstack
 Tracked objects:
		On entry : 
		On exit  : 
		Unchanged: 
 Data sizes:     COMMON   BANK0   BANK1   BANK3   BANK2
      Params:         0       4       0       0       0
      Locals:         0       9       0       0       0
      Temps:          0       7       0       0       0
      Totals:         0      20       0       0       0
Total ram usage:       20 bytes
 Hardware stack levels used:    1
 Hardware stack levels required when called:    3
 This function calls:
		___flmul
		___lwdiv
		___lwmod
 This function is called by:
		_sprintf
 This function uses a non-reentrant model


 *************** function ___lwmod *****************
 Defined at:
		line 5 in file "C:\Program Files (x86)\Microchip\xc8\v2.10\pic\sources\c90\common\lwmod.c"
 Parameters:    Size  Location     Type
  divisor         2    3[COMMON] unsigned int 
  dividend        2    5[COMMON] unsigned int 
 Auto vars:     Size  Location     Type
  counter         1    8[COMMON] unsigned char 
 Return value:  Size  Location     Type
                  2    3[COMMON] unsigned int 
 Registers used:
		wreg, status,2, status,0
 Tracked objects:
		On entry : 
		On exit  : 
		Unchanged: 
 Data sizes:     COMMON   BANK0   BANK1   BANK3   BANK2
      Params:         4       0       0       0       0
      Locals:         1       0       0       0       0
      Temps:          1       0       0       0       0
      Totals:         6       0       0       0       0
Total ram usage:        6 bytes
 Hardware stack levels used:    1
 Hardware stack levels required when called:    1
 This function calls:
		Nothing
 This function is called by:
		_fround
 This function uses a non-reentrant model


 *************** function ___lwdiv *****************
 Defined at:
		line 5 in file "C:\Program Files (x86)\Microchip\xc8\v2.10\pic\sources\c90\common\lwdiv.c"
 Parameters:    Size  Location     Type
  divisor         2    0[BANK0 ] unsigned int 
  dividend        2    2[BANK0 ] unsigned int 
 Auto vars:     Size  Location     Type
  quotient        2    4[BANK0 ] unsigned int 
  counter         1    6[BANK0 ] unsigned char 
 Return value:  Size  Location     Type
                  2    0[BANK0 ] unsigned int 
 Registers used:
		wreg, status,2, status,0
 Tracked objects:
		On entry : 
		On exit  : 
		Unchanged: 
 Data sizes:     COMMON   BANK0   BANK1   BANK3   BANK2
      Params:         0       4       0       0       0
      Locals:         0       3       0       0       0
      Temps:          1       0       0       0       0
      Totals:         1       7       0       0       0
Total ram usage:        8 bytes
 Hardware stack levels used:    1
 Hardware stack levels required when called:    1
 This function calls:
		Nothing
 This function is called by:
		_fround
 This function uses a non-reentrant model


 *************** function ___flmul *****************
 Defined at:
		line 8 in file "C:\Program Files (x86)\Microchip\xc8\v2.10\pic\sources\c90\common\sprcmul.c"
 Parameters:    Size  Location     Type
  b               4   10[BANK0 ] unsigned int 
  a               4   14[BANK0 ] unsigned int 
 Auto vars:     Size  Location     Type
  prod            4   30[BANK0 ] struct .
  grs             4   24[BANK0 ] unsigned long 
  temp            2   34[BANK0 ] struct .
  bexp            1   29[BANK0 ] unsigned char 
  aexp            1   28[BANK0 ] unsigned char 
  sign            1   23[BANK0 ] unsigned char 
 Return value:  Size  Location     Type
                  4   10[BANK0 ] unsigned char 
 Registers used:
		wreg, status,2, status,0, btemp+1, pclath, cstack
 Tracked objects:
		On entry : 
		On exit  : 
		Unchanged: 
 Data sizes:     COMMON   BANK0   BANK1   BANK3   BANK2
      Params:         0       8       0       0       0
      Locals:         0      13       0       0       0
      Temps:          0       5       0       0       0
      Totals:         0      26       0       0       0
Total ram usage:       26 bytes
 Hardware stack levels used:    1
 Hardware stack levels required when called:    2
 This function calls:
		__Umul8_16
 This function is called by:
		_main
		_fround
		_scale
		_sprintf
 This function uses a non-reentrant model


 *************** function __Umul8_16 *****************
 Defined at:
		line 4 in file "C:\Program Files (x86)\Microchip\xc8\v2.10\pic\sources\c90\common\Umul8_16.c"
 Parameters:    Size  Location     Type
  multiplier      1    wreg     unsigned char 
  multiplicand    1    3[COMMON] unsigned char 
 Auto vars:     Size  Location     Type
  multiplier      1    4[BANK0 ] unsigned char 
  word_mpld       2    2[BANK0 ] unsigned int 
  product         2    0[BANK0 ] unsigned int 
 Return value:  Size  Location     Type
                  2    3[COMMON] unsigned int 
 Registers used:
		wreg, status,2, status,0
 Tracked objects:
		On entry : 
		On exit  : 
		Unchanged: 
 Data sizes:     COMMON   BANK0   BANK1   BANK3   BANK2
      Params:         2       0       0       0       0
      Locals:         0       5       0       0       0
      Temps:          2       0       0       0       0
      Totals:         4       5       0       0       0
Total ram usage:        9 bytes
 Hardware stack levels used:    1
 Hardware stack levels required when called:    1
 This function calls:
		Nothing
 This function is called by:
		___flmul
 This function uses a non-reentrant model


 *************** function __tdiv_to_l_ *****************
 Defined at:
		line 60 in file "C:\Program Files (x86)\Microchip\xc8\v2.10\pic\sources\c90\common\ftdivl.c"
 Parameters:    Size  Location     Type
  f1              4    0[BANK0 ] float 
  f2              4    4[BANK0 ] float 
 Auto vars:     Size  Location     Type
  quot            4    8[BANK0 ] unsigned long 
  exp1            1   13[BANK0 ] unsigned char 
  cntr            1   12[BANK0 ] unsigned char 
 Return value:  Size  Location     Type
                  4    0[BANK0 ] unsigned long 
 Registers used:
		wreg, status,2, status,0
 Tracked objects:
		On entry : 
		On exit  : 
		Unchanged: 
 Data sizes:     COMMON   BANK0   BANK1   BANK3   BANK2
      Params:         0       8       0       0       0
      Locals:         0       6       0       0       0
      Temps:          4       0       0       0       0
      Totals:         4      14       0       0       0
Total ram usage:       18 bytes
 Hardware stack levels used:    1
 Hardware stack levels required when called:    1
 This function calls:
		Nothing
 This function is called by:
		_sprintf
 This function uses a non-reentrant model


 *************** function __div_to_l_ *****************
 Defined at:
		line 60 in file "C:\Program Files (x86)\Microchip\xc8\v2.10\pic\sources\c90\common\fldivl.c"
 Parameters:    Size  Location     Type
  f1              4    0[BANK0 ] unsigned long 
  f2              4    4[BANK0 ] unsigned long 
 Auto vars:     Size  Location     Type
  quot            4    4[COMMON] unsigned long 
  exp1            1    9[COMMON] unsigned char 
  cntr            1    8[COMMON] unsigned char 
 Return value:  Size  Location     Type
                  4    0[BANK0 ] unsigned long 
 Registers used:
		wreg, status,2, status,0
 Tracked objects:
		On entry : 
		On exit  : 
		Unchanged: 
 Data sizes:     COMMON   BANK0   BANK1   BANK3   BANK2
      Params:         0       8       0       0       0
      Locals:         6       0       0       0       0
      Temps:          1       0       0       0       0
      Totals:         7       8       0       0       0
Total ram usage:       15 bytes
 Hardware stack levels used:    1
 Hardware stack levels required when called:    1
 This function calls:
		Nothing
 This function is called by:
		_sprintf
 This function uses a non-reentrant model


 *************** function ___xxtofl *****************
 Defined at:
		line 10 in file "C:\Program Files (x86)\Microchip\xc8\v2.10\pic\sources\c90\common\xxtofl.c"
 Parameters:    Size  Location     Type
  sign            1    wreg     unsigned char 
  val             4    3[COMMON] long 
 Auto vars:     Size  Location     Type
  sign            1    4[BANK0 ] unsigned char 
  arg             4    6[BANK0 ] unsigned long 
  exp             1    5[BANK0 ] unsigned char 
 Return value:  Size  Location     Type
                  4    3[COMMON] unsigned char 
 Registers used:
		wreg, status,2, status,0
 Tracked objects:
		On entry : 
		On exit  : 
		Unchanged: 
 Data sizes:     COMMON   BANK0   BANK1   BANK3   BANK2
      Params:         4       0       0       0       0
      Locals:         0       6       0       0       0
      Temps:          0       4       0       0       0
      Totals:         4      10       0       0       0
Total ram usage:       14 bytes
 Hardware stack levels used:    1
 Hardware stack levels required when called:    1
 This function calls:
		Nothing
 This function is called by:
		_main
		_sprintf
 This function uses a non-reentrant model


 *************** function ___wmul *****************
 Defined at:
		line 15 in file "C:\Program Files (x86)\Microchip\xc8\v2.10\pic\sources\c90\common\Umul16.c"
 Parameters:    Size  Location     Type
  multiplier      2    3[COMMON] unsigned int 
  multiplicand    2    5[COMMON] unsigned int 
 Auto vars:     Size  Location     Type
  product         2    7[COMMON] unsigned int 
 Return value:  Size  Location     Type
                  2    3[COMMON] unsigned int 
 Registers used:
		wreg, status,2, status,0
 Tracked objects:
		On entry : 
		On exit  : 
		Unchanged: 
 Data sizes:     COMMON   BANK0   BANK1   BANK3   BANK2
      Params:         4       0       0       0       0
      Locals:         2       0       0       0       0
      Temps:          0       0       0       0       0
      Totals:         6       0       0       0       0
Total ram usage:        6 bytes
 Hardware stack levels used:    1
 Hardware stack levels required when called:    1
 This function calls:
		Nothing
 This function is called by:
		_sprintf
 This function uses a non-reentrant model


 *************** function ___llmod *****************
 Defined at:
		line 5 in file "C:\Program Files (x86)\Microchip\xc8\v2.10\pic\sources\c90\common\llmod.c"
 Parameters:    Size  Location     Type
  divisor         4    0[BANK0 ] unsigned long 
  dividend        4    4[BANK0 ] unsigned long 
 Auto vars:     Size  Location     Type
  counter         1    4[COMMON] unsigned char 
 Return value:  Size  Location     Type
                  4    0[BANK0 ] unsigned long 
 Registers used:
		wreg, status,2, status,0
 Tracked objects:
		On entry : 
		On exit  : 
		Unchanged: 
 Data sizes:     COMMON   BANK0   BANK1   BANK3   BANK2
      Params:         0       8       0       0       0
      Locals:         1       0       0       0       0
      Temps:          1       0       0       0       0
      Totals:         2       8       0       0       0
Total ram usage:       10 bytes
 Hardware stack levels used:    1
 Hardware stack levels required when called:    1
 This function calls:
		Nothing
 This function is called by:
		_sprintf
 This function uses a non-reentrant model


 *************** function ___lldiv *****************
 Defined at:
		line 5 in file "C:\Program Files (x86)\Microchip\xc8\v2.10\pic\sources\c90\common\__lldiv.c"
 Parameters:    Size  Location     Type
  divisor         4    0[BANK0 ] unsigned long 
  dividend        4    4[BANK0 ] unsigned long 
 Auto vars:     Size  Location     Type
  quotient        4    4[COMMON] unsigned long 
  counter         1    8[COMMON] unsigned char 
 Return value:  Size  Location     Type
                  4    0[BANK0 ] unsigned long 
 Registers used:
		wreg, status,2, status,0
 Tracked objects:
		On entry : 
		On exit  : 
		Unchanged: 
 Data sizes:     COMMON   BANK0   BANK1   BANK3   BANK2
      Params:         0       8       0       0       0
      Locals:         5       0       0       0       0
      Temps:          1       0       0       0       0
      Totals:         6       8       0       0       0
Total ram usage:       14 bytes
 Hardware stack levels used:    1
 Hardware stack levels required when called:    1
 This function calls:
		Nothing
 This function is called by:
		_sprintf
 This function uses a non-reentrant model


 *************** function ___fltol *****************
 Defined at:
		line 43 in file "C:\Program Files (x86)\Microchip\xc8\v2.10\pic\sources\c90\common\fltol.c"
 Parameters:    Size  Location     Type
  f1              4   55[BANK0 ] unsigned long 
 Auto vars:     Size  Location     Type
  exp1            1   65[BANK0 ] unsigned char 
  sign1           1   64[BANK0 ] unsigned char 
 Return value:  Size  Location     Type
                  4   55[BANK0 ] long 
 Registers used:
		wreg, status,2, status,0
 Tracked objects:
		On entry : 
		On exit  : 
		Unchanged: 
 Data sizes:     COMMON   BANK0   BANK1   BANK3   BANK2
      Params:         0       4       0       0       0
      Locals:         0       2       0       0       0
      Temps:          0       5       0       0       0
      Totals:         0      11       0       0       0
Total ram usage:       11 bytes
 Hardware stack levels used:    1
 Hardware stack levels required when called:    1
 This function calls:
		Nothing
 This function is called by:
		_sprintf
 This function uses a non-reentrant model


 *************** function ___flsub *****************
 Defined at:
		line 242 in file "C:\Program Files (x86)\Microchip\xc8\v2.10\pic\sources\c90\common\sprcadd.c"
 Parameters:    Size  Location     Type
  a               4    0[BANK1 ] long 
  b               4    4[BANK1 ] long 
 Auto vars:     Size  Location     Type
		None
 Return value:  Size  Location     Type
                  4    0[BANK1 ] long 
 Registers used:
		wreg, status,2, status,0, btemp+1, pclath, cstack
 Tracked objects:
		On entry : 
		On exit  : 
		Unchanged: 
 Data sizes:     COMMON   BANK0   BANK1   BANK3   BANK2
      Params:         0       0       8       0       0
      Locals:         0       0       0       0       0
      Temps:          0       0       0       0       0
      Totals:         0       0       8       0       0
Total ram usage:        8 bytes
 Hardware stack levels used:    1
 Hardware stack levels required when called:    2
 This function calls:
		___fladd
 This function is called by:
		_sprintf
 This function uses a non-reentrant model


 *************** function ___fladd *****************
 Defined at:
		line 10 in file "C:\Program Files (x86)\Microchip\xc8\v2.10\pic\sources\c90\common\sprcadd.c"
 Parameters:    Size  Location     Type
  b               4   56[BANK0 ] long 
  a               4   60[BANK0 ] long 
 Auto vars:     Size  Location     Type
  grs             1   75[BANK0 ] unsigned char 
  bexp            1   74[BANK0 ] unsigned char 
  aexp            1   73[BANK0 ] unsigned char 
  signs           1   72[BANK0 ] unsigned char 
 Return value:  Size  Location     Type
                  4   56[BANK0 ] unsigned char 
 Registers used:
		wreg, status,2, status,0, btemp+1
 Tracked objects:
		On entry : 
		On exit  : 
		Unchanged: 
 Data sizes:     COMMON   BANK0   BANK1   BANK3   BANK2
      Params:         0       8       0       0       0
      Locals:         0       4       0       0       0
      Temps:          0       8       0       0       0
      Totals:         0      20       0       0       0
Total ram usage:       20 bytes
 Hardware stack levels used:    1
 Hardware stack levels required when called:    1
 This function calls:
		Nothing
 This function is called by:
		_sprintf
		___flsub
 This function uses a non-reentrant model


 *************** function ___flneg *****************
 Defined at:
		line 15 in file "C:\Program Files (x86)\Microchip\xc8\v2.10\pic\sources\c90\common\flneg.c"
 Parameters:    Size  Location     Type
  f1              4    3[COMMON] unsigned char 
 Auto vars:     Size  Location     Type
		None
 Return value:  Size  Location     Type
                  4    3[COMMON] unsigned char 
 Registers used:
		wreg
 Tracked objects:
		On entry : 
		On exit  : 
		Unchanged: 
 Data sizes:     COMMON   BANK0   BANK1   BANK3   BANK2
      Params:         4       0       0       0       0
      Locals:         0       0       0       0       0
      Temps:          0       0       0       0       0
      Totals:         4       0       0       0       0
Total ram usage:        4 bytes
 Hardware stack levels used:    1
 Hardware stack levels required when called:    1
 This function calls:
		Nothing
 This function is called by:
		_sprintf
 This function uses a non-reentrant model


 *************** function ___flge *****************
 Defined at:
		line 4 in file "C:\Program Files (x86)\Microchip\xc8\v2.10\pic\sources\c90\common\flge.c"
 Parameters:    Size  Location     Type
  ff1             4    0[BANK0 ] unsigned char 
  ff2             4    4[BANK0 ] unsigned char 
 Auto vars:     Size  Location     Type
		None
 Return value:  Size  Location     Type
		None               void
 Registers used:
		wreg, status,2, status,0
 Tracked objects:
		On entry : 
		On exit  : 
		Unchanged: 
 Data sizes:     COMMON   BANK0   BANK1   BANK3   BANK2
      Params:         0       8       0       0       0
      Locals:         0       0       0       0       0
      Temps:          4       0       0       0       0
      Totals:         4       8       0       0       0
Total ram usage:       12 bytes
 Hardware stack levels used:    1
 Hardware stack levels required when called:    1
 This function calls:
		Nothing
 This function is called by:
		_sprintf
 This function uses a non-reentrant model


 *************** function ___fleq *****************
 Defined at:
		line 4 in file "C:\Program Files (x86)\Microchip\xc8\v2.10\pic\sources\c90\common\fleq.c"
 Parameters:    Size  Location     Type
  ff1             4    0[BANK0 ] unsigned char 
  ff2             4    4[BANK0 ] unsigned char 
 Auto vars:     Size  Location     Type
		None
 Return value:  Size  Location     Type
		None               void
 Registers used:
		wreg, status,2, status,0
 Tracked objects:
		On entry : 
		On exit  : 
		Unchanged: 
 Data sizes:     COMMON   BANK0   BANK1   BANK3   BANK2
      Params:         0       8       0       0       0
      Locals:         0       0       0       0       0
      Temps:          4       0       0       0       0
      Totals:         4       8       0       0       0
Total ram usage:       12 bytes
 Hardware stack levels used:    1
 Hardware stack levels required when called:    1
 This function calls:
		Nothing
 This function is called by:
		_sprintf
 This function uses a non-reentrant model


 *************** function _Port_init *****************
 Defined at:
		line 78 in file "main_lab3.c"
 Parameters:    Size  Location     Type
		None
 Auto vars:     Size  Location     Type
		None
 Return value:  Size  Location     Type
                  1    wreg      void 
 Registers used:
		wreg, status,2
 Tracked objects:
		On entry : 
		On exit  : 
		Unchanged: 
 Data sizes:     COMMON   BANK0   BANK1   BANK3   BANK2
      Params:         0       0       0       0       0
      Locals:         0       0       0       0       0
      Temps:          0       0       0       0       0
      Totals:         0       0       0       0       0
Total ram usage:        0 bytes
 Hardware stack levels used:    1
 Hardware stack levels required when called:    1
 This function calls:
		Nothing
 This function is called by:
		_main
 This function uses a non-reentrant model


 *************** function _LCD_WRITE_STRING *****************
 Defined at:
		line 66 in file "LCD_8bits_main.c"
 Parameters:    Size  Location     Type
  a               2    6[COMMON] PTR unsigned char 
		 -> STR_3(15), string2(5), string1(5), 
 Auto vars:     Size  Location     Type
  i               2    8[COMMON] int 
 Return value:  Size  Location     Type
                  1    wreg      void 
 Registers used:
		wreg, fsr0l, fsr0h, status,2, status,0, btemp+1, pclath, cstack
 Tracked objects:
		On entry : 
		On exit  : 
		Unchanged: 
 Data sizes:     COMMON   BANK0   BANK1   BANK3   BANK2
      Params:         2       0       0       0       0
      Locals:         2       0       0       0       0
      Temps:          0       3       0       0       0
      Totals:         4       3       0       0       0
Total ram usage:        7 bytes
 Hardware stack levels used:    1
 Hardware stack levels required when called:    2
 This function calls:
		_LCD_WRITE_CHAR
 This function is called by:
		_main
 This function uses a non-reentrant model


 *************** function _LCD_WRITE_CHAR *****************
 Defined at:
		line 57 in file "LCD_8bits_main.c"
 Parameters:    Size  Location     Type
  a               1    wreg     unsigned char 
 Auto vars:     Size  Location     Type
  a               1    5[COMMON] unsigned char 
 Return value:  Size  Location     Type
                  1    wreg      void 
 Registers used:
		wreg
 Tracked objects:
		On entry : 
		On exit  : 
		Unchanged: 
 Data sizes:     COMMON   BANK0   BANK1   BANK3   BANK2
      Params:         0       0       0       0       0
      Locals:         1       0       0       0       0
      Temps:          2       0       0       0       0
      Totals:         3       0       0       0       0
Total ram usage:        3 bytes
 Hardware stack levels used:    1
 Hardware stack levels required when called:    1
 This function calls:
		Nothing
 This function is called by:
		_LCD_WRITE_STRING
 This function uses a non-reentrant model


 *************** function _LCD_SET_CURSOR *****************
 Defined at:
		line 25 in file "LCD_8bits_main.c"
 Parameters:    Size  Location     Type
  a               1    wreg     unsigned char 
  b               1    6[COMMON] unsigned char 
 Auto vars:     Size  Location     Type
  a               1    8[COMMON] unsigned char 
  temporal        1    9[COMMON] unsigned char 
 Return value:  Size  Location     Type
                  1    wreg      void 
 Registers used:
		wreg, status,2, status,0, pclath, cstack
 Tracked objects:
		On entry : 
		On exit  : 
		Unchanged: 
 Data sizes:     COMMON   BANK0   BANK1   BANK3   BANK2
      Params:         1       0       0       0       0
      Locals:         2       0       0       0       0
      Temps:          1       0       0       0       0
      Totals:         4       0       0       0       0
Total ram usage:        4 bytes
 Hardware stack levels used:    1
 Hardware stack levels required when called:    2
 This function calls:
		_LCD_CMD
 This function is called by:
		_main
 This function uses a non-reentrant model


 *************** function _LCD_INIT *****************
 Defined at:
		line 37 in file "LCD_8bits_main.c"
 Parameters:    Size  Location     Type
		None
 Auto vars:     Size  Location     Type
		None
 Return value:  Size  Location     Type
                  1    wreg      void 
 Registers used:
		wreg, status,2, status,0, pclath, cstack
 Tracked objects:
		On entry : 
		On exit  : 
		Unchanged: 
 Data sizes:     COMMON   BANK0   BANK1   BANK3   BANK2
      Params:         0       0       0       0       0
      Locals:         0       0       0       0       0
      Temps:          2       0       0       0       0
      Totals:         2       0       0       0       0
Total ram usage:        2 bytes
 Hardware stack levels used:    1
 Hardware stack levels required when called:    2
 This function calls:
		_LCD_CMD
 This function is called by:
		_main
 This function uses a non-reentrant model


 *************** function _LCD_CMD *****************
 Defined at:
		line 12 in file "LCD_8bits_main.c"
 Parameters:    Size  Location     Type
  a               1    wreg     unsigned char 
 Auto vars:     Size  Location     Type
  a               1    5[COMMON] unsigned char 
 Return value:  Size  Location     Type
                  1    wreg      void 
 Registers used:
		wreg
 Tracked objects:
		On entry : 
		On exit  : 
		Unchanged: 
 Data sizes:     COMMON   BANK0   BANK1   BANK3   BANK2
      Params:         0       0       0       0       0
      Locals:         1       0       0       0       0
      Temps:          2       0       0       0       0
      Totals:         3       0       0       0       0
Total ram usage:        3 bytes
 Hardware stack levels used:    1
 Hardware stack levels required when called:    1
 This function calls:
		Nothing
 This function is called by:
		_LCD_SET_CURSOR
		_LCD_INIT
		_LCD_CLR
		_LCD_SHIFT_RIGHT
		_LCD_SHIFT_LEFT
 This function uses a non-reentrant model


 *************** function _EUSART_Init *****************
 Defined at:
		line 5 in file "Lib_EUSART.c"
 Parameters:    Size  Location     Type
  a               1    wreg     unsigned char 
  b               1    3[COMMON] unsigned char 
 Auto vars:     Size  Location     Type
  a               1    4[COMMON] unsigned char 
 Return value:  Size  Location     Type
                  1    wreg      void 
 Registers used:
		wreg, status,2, status,0
 Tracked objects:
		On entry : 
		On exit  : 
		Unchanged: 
 Data sizes:     COMMON   BANK0   BANK1   BANK3   BANK2
      Params:         1       0       0       0       0
      Locals:         1       0       0       0       0
      Temps:          0       0       0       0       0
      Totals:         2       0       0       0       0
Total ram usage:        2 bytes
 Hardware stack levels used:    1
 Hardware stack levels required when called:    1
 This function calls:
		Nothing
 This function is called by:
		_main
 This function uses a non-reentrant model


 *************** function _ADC_init *****************
 Defined at:
		line 28 in file "../../../../../../MPLABXProjects/Laboratorio2_2.X/ADCmain.c"
 Parameters:    Size  Location     Type
  Fosc            1    wreg     unsigned char 
  channel         1    3[COMMON] unsigned char 
  int_on          1    4[COMMON] unsigned char 
  left_or_righ    1    5[COMMON] unsigned char 
 Auto vars:     Size  Location     Type
  Fosc            1    8[COMMON] unsigned char 
 Return value:  Size  Location     Type
                  1    wreg      void 
 Registers used:
		wreg, fsr0l, fsr0h, status,2, status,0
 Tracked objects:
		On entry : 
		On exit  : 
		Unchanged: 
 Data sizes:     COMMON   BANK0   BANK1   BANK3   BANK2
      Params:         3       0       0       0       0
      Locals:         1       0       0       0       0
      Temps:          2       0       0       0       0
      Totals:         6       0       0       0       0
Total ram usage:        6 bytes
 Hardware stack levels used:    1
 Hardware stack levels required when called:    1
 This function calls:
		Nothing
 This function is called by:
		_main
 This function uses a non-reentrant model


 *************** function _isr *****************
 Defined at:
		line 38 in file "main_lab3.c"
 Parameters:    Size  Location     Type
		None
 Auto vars:     Size  Location     Type
		None
 Return value:  Size  Location     Type
                  1    wreg      void 
 Registers used:
		wreg
 Tracked objects:
		On entry : 
		On exit  : 
		Unchanged: 
 Data sizes:     COMMON   BANK0   BANK1   BANK3   BANK2
      Params:         0       0       0       0       0
      Locals:         0       0       0       0       0
      Temps:          3       0       0       0       0
      Totals:         3       0       0       0       0
Total ram usage:        3 bytes
 Hardware stack levels used:    1
 This function calls:
		Nothing
 This function is called by:
		Interrupt level 1
 This function uses a non-reentrant model



MODULE INFORMATION

Module		Function		Class		Link	Load	Size
C:\Program Files (x86)\Microchip\xc8\v2.10\pic\sources\c90\common\fleq.c
		___fleq        		CODE           	1AB1	0000	81

C:\Program Files (x86)\Microchip\xc8\v2.10\pic\sources\c90\common\fleq.c estimated size: 81

C:\Program Files (x86)\Microchip\xc8\v2.10\pic\sources\c90\common\lwdiv.c
		___lwdiv       		CODE           	1A6B	0000	71

C:\Program Files (x86)\Microchip\xc8\v2.10\pic\sources\c90\common\lwdiv.c estimated size: 71

C:\Program Files (x86)\Microchip\xc8\v2.10\pic\sources\c90\common\awdiv.c
		___awdiv       		CODE           	1CBB	0000	106

C:\Program Files (x86)\Microchip\xc8\v2.10\pic\sources\c90\common\awdiv.c estimated size: 106

C:\Program Files (x86)\Microchip\xc8\v2.10\pic\sources\c90\common\fltol.c
		___fltol       		CODE           	1D24	0000	125

C:\Program Files (x86)\Microchip\xc8\v2.10\pic\sources\c90\common\fltol.c estimated size: 125

C:\Program Files (x86)\Microchip\xc8\v2.10\pic\sources\c90\common\ftdivl.c
		__tdiv_to_l_   		CODE           	1033	0000	190

C:\Program Files (x86)\Microchip\xc8\v2.10\pic\sources\c90\common\ftdivl.c estimated size: 190

C:\Program Files (x86)\Microchip\xc8\v2.10\pic\sources\c90\common\Umul16.c
		___wmul        		CODE           	19B0	0000	38

C:\Program Files (x86)\Microchip\xc8\v2.10\pic\sources\c90\common\Umul16.c estimated size: 38

LCD_8bits_main.c
		_LCD_WRITE_CHAR		CODE           	1975	0000	24
		_LCD_INIT      		CODE           	1B51	0000	84
		_LCD_CMD       		CODE           	195F	0000	23
		_LCD_SET_CURSOR		CODE           	198C	0000	37
		_LCD_WRITE_STRING		CODE           	1A27	0000	69

LCD_8bits_main.c estimated size: 237

C:\Program Files (x86)\Microchip\xc8\v2.10\pic\sources\c90\common\fldivl.c
		__div_to_l_    		CODE           	10F0	0000	193

C:\Program Files (x86)\Microchip\xc8\v2.10\pic\sources\c90\common\fldivl.c estimated size: 193

main_lab3.c
		_main          		CODE           	081A	0000	291
		_Port_init     		CODE           	0802	0000	25
		_isr           		CODE           	1008	0000	44

main_lab3.c estimated size: 360

C:\Program Files (x86)\Microchip\xc8\v2.10\pic\sources\c90\common\sprcmul.c
		___flmul       		CODE           	093C	0000	866

C:\Program Files (x86)\Microchip\xc8\v2.10\pic\sources\c90\common\sprcmul.c estimated size: 866

C:\Program Files (x86)\Microchip\xc8\v2.10\pic\sources\c90\common\Umul8_16.c
		__Umul8_16     		CODE           	19FE	0000	42

C:\Program Files (x86)\Microchip\xc8\v2.10\pic\sources\c90\common\Umul8_16.c estimated size: 42

C:\Program Files (x86)\Microchip\xc8\v2.10\pic\sources\c90\common\__lldiv.c
		___lldiv       		CODE           	1C53	0000	105

C:\Program Files (x86)\Microchip\xc8\v2.10\pic\sources\c90\common\__lldiv.c estimated size: 105

C:\Program Files (x86)\Microchip\xc8\v2.10\pic\sources\c90\common\flneg.c
		___flneg       		CODE           	1942	0000	12

C:\Program Files (x86)\Microchip\xc8\v2.10\pic\sources\c90\common\flneg.c estimated size: 12

../../../../../../MPLABXProjects/Laboratorio2_2.X/ADCmain.c
		_ADC_init      		CODE           	11B0	0000	197
		_start_conversion		CODE           	0010	0000	5

../../../../../../MPLABXProjects/Laboratorio2_2.X/ADCmain.c estimated size: 202

C:\Program Files (x86)\Microchip\xc8\v2.10\pic\sources\c90\common\flge.c
		___flge        		CODE           	1DA0	0000	165

C:\Program Files (x86)\Microchip\xc8\v2.10\pic\sources\c90\common\flge.c estimated size: 165

C:\Program Files (x86)\Microchip\xc8\v2.10\pic\sources\c90\common\xxtofl.c
		___xxtofl      		CODE           	1E44	0000	189

C:\Program Files (x86)\Microchip\xc8\v2.10\pic\sources\c90\common\xxtofl.c estimated size: 189

shared
		__stringtab    		STRING         	1800	0000	17
		__powers_      		STRING         	1810	0000	53
		_dpowers       		STRING         	1878	0000	41
		__npowers_     		STRING         	1844	0000	53
		__initialization		CODE           	07F3	0000	10

shared estimated size: 174

C:\Program Files (x86)\Microchip\xc8\v2.10\pic\sources\c90\common\lwmod.c
		___lwmod       		CODE           	0014	0000	59

C:\Program Files (x86)\Microchip\xc8\v2.10\pic\sources\c90\common\lwmod.c estimated size: 59

C:\Program Files (x86)\Microchip\xc8\v2.10\pic\sources\c90\common\awmod.c
		___awmod       		CODE           	1BFA	0000	90

C:\Program Files (x86)\Microchip\xc8\v2.10\pic\sources\c90\common\awmod.c estimated size: 90

C:\Program Files (x86)\Microchip\xc8\v2.10\pic\sources\c90\common\isdigit.c
		_isdigit       		CODE           	194D	0000	19

C:\Program Files (x86)\Microchip\xc8\v2.10\pic\sources\c90\common\isdigit.c estimated size: 19

C:\Program Files (x86)\Microchip\xc8\v2.10\pic\sources\c90\common\llmod.c
		___llmod       		CODE           	1BA4	0000	87

C:\Program Files (x86)\Microchip\xc8\v2.10\pic\sources\c90\common\llmod.c estimated size: 87

C:\Program Files (x86)\Microchip\xc8\v2.10\pic\sources\c90\common\sprcadd.c
		___flsub       		CODE           	1B01	0000	81
		___fladd       		CODE           	1274	0000	649

C:\Program Files (x86)\Microchip\xc8\v2.10\pic\sources\c90\common\sprcadd.c estimated size: 730

Lib_EUSART.c
		_EUSART_Init   		CODE           	19D5	0000	42

Lib_EUSART.c estimated size: 42

C:\Program Files (x86)\Microchip\xc8\v2.10\pic\sources\c90\common\doprnt.c
		_scale         		CODE           	0C9D	0000	868
		_sprintf       		CODE           	14FC	0000	2205
		_fround        		CODE           	004E	0000	526

C:\Program Files (x86)\Microchip\xc8\v2.10\pic\sources\c90\common\doprnt.c estimated size: 3599

