Microchip MPLAB XC8 Compiler V2.10 ()

Linker command line:

-W-3 --edf=C:\Program Files (x86)\Microchip\xc8\v2.10\pic\dat\en_msgs.txt \
  -cs -h+dist/default/production\Libreria_8bits_LCD.production.sym \
  --cmf=dist/default/production\Libreria_8bits_LCD.production.cmf -z \
  -Q16F887 -oC:\Users\megaj\AppData\Local\Temp\savg.2 \
  --defsym=__MPLAB_BUILD=1 \
  -Mdist/default/production/Libreria_8bits_LCD.production.map -E1 -ver=XC8 \
  --acfsm=1493 -ASTACK=0110h-016Fh -pstack=STACK -ACODE=00h-07FFhx4 \
  -ASTRCODE=00h-01FFFh -ASTRING=00h-0FFhx32 -ACONST=00h-0FFhx32 \
  -AENTRY=00h-0FFhx32 -ACOMMON=070h-07Fh -ABANK0=020h-06Fh \
  -ABANK1=0A0h-0EFh -ABANK2=0110h-016Fh -ABANK3=0190h-01EFh \
  -ARAM=020h-06Fh,0A0h-0EFh,0110h-016Fh,0190h-01EFh \
  -AABS1=020h-07Fh,0A0h-0EFh,0110h-016Fh,0190h-01EFh -ASFR0=00h-01Fh \
  -ASFR1=080h-09Fh -ASFR2=0100h-010Fh -ASFR3=0180h-018Fh \
  -preset_vec=00h,intentry=04h,init,end_init -ppowerup=CODE -pcinit=CODE \
  -pfunctab=ENTRY -ACONFIG=02007h-02008h -pconfig=CONFIG -DCONFIG=2 \
  -AIDLOC=02000h-02003h -pidloc=IDLOC -DIDLOC=2 -AEEDATA=00h-0FFh/02100h \
  -peeprom_data=EEDATA -DEEDATA=2 -DCODE=2 -DSTRCODE=2 -DSTRING=2 -DCONST=2 \
  -DENTRY=2 -k C:\Users\megaj\AppData\Local\Temp\savg.o \
  dist/default/production\Libreria_8bits_LCD.production.o 

Object code version is 3.11

Machine type is 16F887



                Name                               Link     Load   Length Selector   Space Scale
C:\Users\megaj\AppData\Local\Temp\savg.o
                end_init                              C        C        3        8       0
                reset_vec                             0        0        3        0       0
                config                             2007     2007        2     400E       0
dist/default/production\Libreria_8bits_LCD.production.o
                cinit                                 F        F        7        8       0
                intentry                              4        4        8        8       0
                text7                               150      150       1F        8       0
                text6                                16       16       BC        8       0
                text5                               186      186       16        8       0
                text4                               1A3      1A3        7        8       0
                text3                                D2       D2       53        8       0
                text2                               16F      16F       17        8       0
                text1                               19C      19C        7        8       0
                maintext                            125      125       2B        8       0
                cstackBANK0                          20       20        1       20       1
                cstackCOMMON                         70       70        8       70       1
                bssCOMMON                            78       78        3       70       1

TOTAL           Name                               Link     Load   Length     Space
        CLASS   STACK          

        CLASS   CODE           
                end_init                              C        C        3         0
                cinit                                 F        F        7         0
                intentry                              4        4        8         0
                reset_vec                             0        0        3         0
                text7                               150      150       1F         0
                text6                                16       16       BC         0
                text5                               186      186       16         0
                text4                               1A3      1A3        7         0
                text3                                D2       D2       53         0
                text2                               16F      16F       17         0
                text1                               19C      19C        7         0
                maintext                            125      125       2B         0

        CLASS   STRCODE        

        CLASS   STRING         

        CLASS   CONST          

        CLASS   ENTRY          

        CLASS   COMMON         
                cstackCOMMON                         70       70        8         1
                bssCOMMON                            78       78        3         1

        CLASS   BANK0          
                cstackBANK0                          20       20        1         1

        CLASS   BANK1          

        CLASS   BANK2          

        CLASS   BANK3          

        CLASS   RAM            

        CLASS   ABS1           
                abs_s1                               7E       7E        2         1

        CLASS   SFR0           

        CLASS   SFR1           

        CLASS   SFR2           

        CLASS   SFR3           

        CLASS   CONFIG         
                config                             2007     2007        2         0

        CLASS   IDLOC          

        CLASS   EEDATA         



SEGMENTS        Name                           Load    Length   Top    Selector   Space  Class     Delta

                reset_vec                      000000  000003  000003         0       0  CODE        2
                intentry                       000004  0001A6  0001AA         8       0  CODE        2
                cstackBANK0                    000020  000001  000021        20       1  BANK0       1
                cstackCOMMON                   000070  00000B  00007B        70       1  COMMON      1
                config                         002007  000002  002009      400E       0  CONFIG      2


UNUSED ADDRESS RANGES

        Name                Unused          Largest block    Delta
        BANK0            0021-006F             4F           1
        BANK1            00A0-00EF             50           1
        BANK2            0110-016F             60           1
        BANK3            0190-01EF             60           1
        CODE             0003-0003              1           2
                         01AA-1FFF            800
        COMMON           007B-007D              3           1
        CONST            0003-0003              1           2
                         01AA-1FFF            100
        EEDATA           2100-21FF            100           2
        ENTRY            0003-0003              1           2
                         01AA-1FFF            100
        IDLOC            2000-2003              4           2
        RAM              0021-006F             4F           1
                         00A0-00EF             50
                         0110-016F             60
                         0190-01EF             60
        SFR0             0000-001F             20           1
        SFR1             0080-009F             20           1
        SFR2             0100-010F             10           1
        SFR3             0180-018F             10           1
        STACK            0110-016F             60           1
        STRCODE          0003-0003              1           2
                         01AA-1FFF           1E56
        STRING           0003-0003              1           2
                         01AA-1FFF            100

                                  Symbol Table

ADC_init@Fosc              cstackBANK0  0020
ADC_init@channel           cstackCOMMON 0073
ADC_init@int_on            cstackCOMMON 0074
ADC_init@left_or_right     cstackCOMMON 0075
LCD_CMD@a                  cstackCOMMON 0075
_ADCON0bits                (abs)        001F
_ADCON1bits                (abs)        009F
_ADC_init                  text6        0016
_ADRESH                    (abs)        001E
_ANSEL                     (abs)        0188
_ANSELH                    (abs)        0189
_ANSELbits                 (abs)        0188
_BAUDCTLbits               (abs)        0187
_INTCONbits                (abs)        000B
_LCD_CLR                   text4        01A3
_LCD_CMD                   text5        0186
_LCD_INIT                  text3        00D2
_PIE1bits                  (abs)        008C
_PIR1bits                  (abs)        000C
_PORTB                     (abs)        0006
_PORTD                     (abs)        0008
_PORTDbits                 (abs)        0008
_Port_init                 text2        016F
_RCSTAbits                 (abs)        0018
_TRISA                     (abs)        0085
_TRISB                     (abs)        0086
_TRISD                     (abs)        0088
_TXSTAbits                 (abs)        0098
__CFG_BOR4V$BOR40V         (abs)        0000
__CFG_BOREN$OFF            (abs)        0000
__CFG_CP$OFF               (abs)        0000
__CFG_CPD$OFF              (abs)        0000
__CFG_FCMEN$OFF            (abs)        0000
__CFG_FOSC$EXTRC_NOCLKOUT  (abs)        0000
__CFG_IESO$OFF             (abs)        0000
__CFG_LVP$OFF              (abs)        0000
__CFG_MCLRE$OFF            (abs)        0000
__CFG_PWRTE$OFF            (abs)        0000
__CFG_WDTE$OFF             (abs)        0000
__CFG_WRT$OFF              (abs)        0000
__Habs1                    abs1         0000
__Hbank0                   bank0        0000
__Hbank1                   bank1        0000
__Hbank2                   bank2        0000
__Hbank3                   bank3        0000
__HbssCOMMON               bssCOMMON    0000
__Hcinit                   cinit        0016
__Hclrtext                 clrtext      0000
__Hcode                    code         0000
__Hcommon                  common       0000
__Hconfig                  config       2009
__HcstackBANK0             cstackBANK0  0000
__HcstackCOMMON            cstackCOMMON 0000
__Heeprom_data             eeprom_data  0000
__Hend_init                end_init     000F
__Hfunctab                 functab      0000
__Hidloc                   idloc        0000
__Hinit                    init         000C
__Hintentry                intentry     000C
__Hmaintext                maintext     0000
__Hpowerup                 powerup      0000
__Hram                     ram          0000
__Hreset_vec               reset_vec    0003
__Hsfr0                    sfr0         0000
__Hsfr1                    sfr1         0000
__Hsfr2                    sfr2         0000
__Hsfr3                    sfr3         0000
__Hspace_0                 (abs)        2009
__Hspace_1                 (abs)        007B
__Hspace_2                 (abs)        0000
__Hspace_3                 (abs)        0000
__Hstack                   stack        0000
__Hstrings                 strings      0000
__Htext                    text         0000
__Labs1                    abs1         0000
__Lbank0                   bank0        0000
__Lbank1                   bank1        0000
__Lbank2                   bank2        0000
__Lbank3                   bank3        0000
__LbssCOMMON               bssCOMMON    0000
__Lcinit                   cinit        000F
__Lclrtext                 clrtext      0000
__Lcode                    code         0000
__Lcommon                  common       0000
__Lconfig                  config       2007
__LcstackBANK0             cstackBANK0  0000
__LcstackCOMMON            cstackCOMMON 0000
__Leeprom_data             eeprom_data  0000
__Lend_init                end_init     000C
__Lfunctab                 functab      0000
__Lidloc                   idloc        0000
__Linit                    init         000C
__Lintentry                intentry     0004
__Lmaintext                maintext     0000
__Lpowerup                 powerup      0000
__Lram                     ram          0000
__Lreset_vec               reset_vec    0000
__Lsfr0                    sfr0         0000
__Lsfr1                    sfr1         0000
__Lsfr2                    sfr2         0000
__Lsfr3                    sfr3         0000
__Lspace_0                 (abs)        0000
__Lspace_1                 (abs)        0000
__Lspace_2                 (abs)        0000
__Lspace_3                 (abs)        0000
__Lstack                   stack        0000
__Lstrings                 strings      0000
__Ltext                    text         0000
__S0                       (abs)        2009
__S1                       (abs)        007B
__S2                       (abs)        0000
__S3                       (abs)        0000
___int_sp                  stack        0000
___latbits                 (abs)        0002
___sp                      stack        0000
___stackhi                 (abs)        0000
___stacklo                 (abs)        0000
__end_of_ADC_init          text6        00D2
__end_of_LCD_CLR           text4        01AA
__end_of_LCD_CMD           text5        019C
__end_of_LCD_INIT          text3        0125
__end_of_Port_init         text2        0186
__end_of__initialization   cinit        0012
__end_of_isr               text7        016F
__end_of_main              maintext     0150
__end_of_start_conversion  text1        01A3
__initialization           cinit        000F
__pbssCOMMON               bssCOMMON    0078
__pcstackBANK0             cstackBANK0  0020
__pcstackCOMMON            cstackCOMMON 0070
__pintentry                intentry     0004
__pmaintext                maintext     0125
__ptext1                   text1        019C
__ptext2                   text2        016F
__ptext3                   text3        00D2
__ptext4                   text4        01A3
__ptext5                   text5        0186
__ptext6                   text6        0016
__ptext7                   text7        0150
__size_of_ADC_init         (abs)        0000
__size_of_LCD_CLR          (abs)        0000
__size_of_LCD_CMD          (abs)        0000
__size_of_LCD_INIT         (abs)        0000
__size_of_Port_init        (abs)        0000
__size_of_isr              (abs)        0000
__size_of_main             (abs)        0000
__size_of_start_conversion (abs)        0000
_isr                       text7        0150
_main                      maintext     0125
_pot1                      bssCOMMON    007A
_pot2                      bssCOMMON    0079
_start_another             bssCOMMON    0078
_start_conversion          text1        019C
btemp                      (abs)        007E
end_of_initialization      cinit        0012
interrupt_function         intentry     0004
intlevel0                  functab      0000
intlevel1                  functab      0000
intlevel2                  functab      0000
intlevel3                  functab      0000
intlevel4                  functab      0000
intlevel5                  functab      0000
reset_vec                  reset_vec    0000
saved_w                    (abs)        007E
start                      init         000C
start_initialization       cinit        000F
wtemp0                     (abs)        007E


FUNCTION INFORMATION:

 *************** function _main *****************
 Defined at:
		line 46 in file "main_lab3.c"
 Parameters:    Size  Location     Type
		None
 Auto vars:     Size  Location     Type
		None
 Return value:  Size  Location     Type
                  1    wreg      void 
 Registers used:
		wreg, fsr0l, fsr0h, status,2, status,0, pclath, cstack
 Tracked objects:
		On entry : 
		On exit  : 
		Unchanged: 
 Data sizes:     COMMON   BANK0   BANK1   BANK3   BANK2
      Params:         0       0       0       0       0
      Locals:         0       0       0       0       0
      Temps:          0       0       0       0       0
      Totals:         0       0       0       0       0
Total ram usage:        0 bytes
 Hardware stack levels required when called:    3
 This function calls:
		_ADC_init
		_LCD_CLR
		_LCD_INIT
		_Port_init
		_start_conversion
 This function is called by:
		Startup code after reset
 This function uses a non-reentrant model


 *************** function _start_conversion *****************
 Defined at:
		line 24 in file "../../../../../../MPLABXProjects/Laboratorio2_2.X/ADCmain.c"
 Parameters:    Size  Location     Type
		None
 Auto vars:     Size  Location     Type
		None
 Return value:  Size  Location     Type
                  1    wreg      void 
 Registers used:
		None
 Tracked objects:
		On entry : 
		On exit  : 
		Unchanged: 
 Data sizes:     COMMON   BANK0   BANK1   BANK3   BANK2
      Params:         0       0       0       0       0
      Locals:         0       0       0       0       0
      Temps:          0       0       0       0       0
      Totals:         0       0       0       0       0
Total ram usage:        0 bytes
 Hardware stack levels used:    1
 Hardware stack levels required when called:    1
 This function calls:
		Nothing
 This function is called by:
		_main
 This function uses a non-reentrant model


 *************** function _Port_init *****************
 Defined at:
		line 62 in file "main_lab3.c"
 Parameters:    Size  Location     Type
		None
 Auto vars:     Size  Location     Type
		None
 Return value:  Size  Location     Type
                  1    wreg      void 
 Registers used:
		wreg, status,2
 Tracked objects:
		On entry : 
		On exit  : 
		Unchanged: 
 Data sizes:     COMMON   BANK0   BANK1   BANK3   BANK2
      Params:         0       0       0       0       0
      Locals:         0       0       0       0       0
      Temps:          0       0       0       0       0
      Totals:         0       0       0       0       0
Total ram usage:        0 bytes
 Hardware stack levels used:    1
 Hardware stack levels required when called:    1
 This function calls:
		Nothing
 This function is called by:
		_main
 This function uses a non-reentrant model


 *************** function _LCD_INIT *****************
 Defined at:
		line 37 in file "LCD_8bits_main.c"
 Parameters:    Size  Location     Type
		None
 Auto vars:     Size  Location     Type
		None
 Return value:  Size  Location     Type
                  1    wreg      void 
 Registers used:
		wreg, status,2, status,0, pclath, cstack
 Tracked objects:
		On entry : 
		On exit  : 
		Unchanged: 
 Data sizes:     COMMON   BANK0   BANK1   BANK3   BANK2
      Params:         0       0       0       0       0
      Locals:         0       0       0       0       0
      Temps:          2       0       0       0       0
      Totals:         2       0       0       0       0
Total ram usage:        2 bytes
 Hardware stack levels used:    1
 Hardware stack levels required when called:    2
 This function calls:
		_LCD_CMD
 This function is called by:
		_main
 This function uses a non-reentrant model


 *************** function _LCD_CLR *****************
 Defined at:
		line 21 in file "LCD_8bits_main.c"
 Parameters:    Size  Location     Type
		None
 Auto vars:     Size  Location     Type
		None
 Return value:  Size  Location     Type
                  1    wreg      void 
 Registers used:
		wreg, status,2, status,0, pclath, cstack
 Tracked objects:
		On entry : 
		On exit  : 
		Unchanged: 
 Data sizes:     COMMON   BANK0   BANK1   BANK3   BANK2
      Params:         0       0       0       0       0
      Locals:         0       0       0       0       0
      Temps:          0       0       0       0       0
      Totals:         0       0       0       0       0
Total ram usage:        0 bytes
 Hardware stack levels used:    1
 Hardware stack levels required when called:    2
 This function calls:
		_LCD_CMD
 This function is called by:
		_main
 This function uses a non-reentrant model


 *************** function _LCD_CMD *****************
 Defined at:
		line 12 in file "LCD_8bits_main.c"
 Parameters:    Size  Location     Type
  a               1    wreg     unsigned char 
 Auto vars:     Size  Location     Type
  a               1    5[COMMON] unsigned char 
 Return value:  Size  Location     Type
                  1    wreg      void 
 Registers used:
		wreg
 Tracked objects:
		On entry : 
		On exit  : 
		Unchanged: 
 Data sizes:     COMMON   BANK0   BANK1   BANK3   BANK2
      Params:         0       0       0       0       0
      Locals:         1       0       0       0       0
      Temps:          2       0       0       0       0
      Totals:         3       0       0       0       0
Total ram usage:        3 bytes
 Hardware stack levels used:    1
 Hardware stack levels required when called:    1
 This function calls:
		Nothing
 This function is called by:
		_LCD_CLR
		_LCD_INIT
		_LCD_SET_CURSOR
		_LCD_SHIFT_RIGHT
		_LCD_SHIFT_LEFT
 This function uses a non-reentrant model


 *************** function _ADC_init *****************
 Defined at:
		line 29 in file "../../../../../../MPLABXProjects/Laboratorio2_2.X/ADCmain.c"
 Parameters:    Size  Location     Type
  Fosc            1    wreg     unsigned char 
  channel         1    3[COMMON] unsigned char 
  int_on          1    4[COMMON] unsigned char 
  left_or_righ    1    5[COMMON] unsigned char 
 Auto vars:     Size  Location     Type
  Fosc            1    0[BANK0 ] unsigned char 
 Return value:  Size  Location     Type
                  1    wreg      void 
 Registers used:
		wreg, fsr0l, fsr0h, status,2, status,0
 Tracked objects:
		On entry : 
		On exit  : 
		Unchanged: 
 Data sizes:     COMMON   BANK0   BANK1   BANK3   BANK2
      Params:         3       0       0       0       0
      Locals:         0       1       0       0       0
      Temps:          2       0       0       0       0
      Totals:         5       1       0       0       0
Total ram usage:        6 bytes
 Hardware stack levels used:    1
 Hardware stack levels required when called:    1
 This function calls:
		Nothing
 This function is called by:
		_main
 This function uses a non-reentrant model


 *************** function _isr *****************
 Defined at:
		line 32 in file "main_lab3.c"
 Parameters:    Size  Location     Type
		None
 Auto vars:     Size  Location     Type
		None
 Return value:  Size  Location     Type
                  1    wreg      void 
 Registers used:
		wreg
 Tracked objects:
		On entry : 
		On exit  : 
		Unchanged: 
 Data sizes:     COMMON   BANK0   BANK1   BANK3   BANK2
      Params:         0       0       0       0       0
      Locals:         0       0       0       0       0
      Temps:          3       0       0       0       0
      Totals:         3       0       0       0       0
Total ram usage:        3 bytes
 Hardware stack levels used:    1
 This function calls:
		Nothing
 This function is called by:
		Interrupt level 1
 This function uses a non-reentrant model



MODULE INFORMATION

Module		Function		Class		Link	Load	Size
LCD_8bits_main.c
		_LCD_INIT      		CODE           	00D2	0000	84
		_LCD_CMD       		CODE           	0186	0000	23
		_LCD_CLR       		CODE           	01A3	0000	8

LCD_8bits_main.c estimated size: 115

main_lab3.c
		_main          		CODE           	0125	0000	44
		_Port_init     		CODE           	016F	0000	24
		_isr           		CODE           	0150	0000	32

main_lab3.c estimated size: 100

../../../../../../MPLABXProjects/Laboratorio2_2.X/ADCmain.c
		_ADC_init      		CODE           	0016	0000	189
		_start_conversion		CODE           	019C	0000	8

../../../../../../MPLABXProjects/Laboratorio2_2.X/ADCmain.c estimated size: 197

shared
		__initialization		CODE           	000F	0000	4

shared estimated size: 4

